../Drivers/CMSIS/Include/core_cm4.h:1684:22:__NVIC_EnableIRQ	16	static,ignoring_inline_asm
../Core/utils/src/utils.c:16:6:ADC_Init	8	static
../Core/utils/src/utils.c:31:6:delay_ms_init	4	static
../Core/utils/src/utils.c:38:6:delay_ms	16	static
../Core/utils/src/utils.c:52:6:delay_us_init	4	static
../Core/utils/src/utils.c:59:6:delay_us	16	static
../Core/utils/src/utils.c:73:6:TIM5_PWM_Init	4	static
../Core/utils/src/utils.c:91:6:pin_PWM_Init	16	static
../Core/utils/src/utils.c:100:6:USART2_Init	4	static
../Core/utils/src/utils.c:115:6:USART2_WriteChar	16	static
../Core/utils/src/utils.c:121:5:__io_putchar	16	static
